Microchip MPLAB XC8 Compiler V1.37 ()

Linker command line:

-W-3 --edf=C:\Program Files\Microchip\xc8\v1.37\dat\en_msgs.txt -cs \
  -h+dist/default/debug\Nokia5110_2.X.debug.sym \
  --cmf=dist/default/debug\Nokia5110_2.X.debug.cmf -z -Q18F4550 \
  -oC:\Users\Brandy\AppData\Local\Temp\s7io.2 \
  -Mdist/default/debug/Nokia5110_2.X.debug.map -E1 -ver=XC8 \
  -ASTACK=060h-07ffh -pstack=STACK -ACODE=01000h-07FFFh \
  -ACONST=01000h-07FFFh -ASMALLCONST=01000h-010FFhx112 \
  -AMEDIUMCONST=01000h-07FFFh -ACOMRAM=01h-05Fh -AABS1=00h-07FFh \
  -ABIGRAM=01h-07FFh -ARAM=060h-0FFh,0100h-01FFhx7 -ABANK0=060h-0FFh \
  -ABANK1=0100h-01FFh -ABANK2=0200h-02FFh -ABANK3=0300h-03FFh \
  -ABANK4=0400h-04FFh -ABANK5=0500h-05FFh -ABANK6=0600h-06FFh \
  -ABANK7=0700h-07FFh -ASFR=0F60h-0FFFh \
  -preset_vec=01000h,intcode,intcodelo,powerup,init,end_init -pramtop=0800h \
  -psmallconst=SMALLCONST -pmediumconst=MEDIUMCONST -pconst=CONST \
  -AFARRAM=00h-00h -ACONFIG=0300000h-030000Dh -pconfig=CONFIG \
  -AIDLOC=0200000h-0200007h -pidloc=IDLOC -AEEDATA=0F00000h-0F000FFh \
  -peeprom_data=EEDATA \
  -prdata=COMRAM,nvrram=COMRAM,nvbit=COMRAM,rbss=COMRAM,rbit=COMRAM \
  -pfarbss=FARRAM,fardata=FARRAM,nvFARRAM=FARRAM \
  -pintsave_regs=BIGRAM,bigbss=BIGRAM,bigdata=BIGRAM -pbss=RAM \
  -pidata=CODE,irdata=CODE,ibigdata=CODE,ifardata=CODE -prparam=COMRAM \
  C:\Users\Brandy\AppData\Local\Temp\s7io.obj \
  dist/default/debug\Nokia5110_2.X.debug.obj 

Object code version is 3.11

Machine type is 18F4550

Call graph: (short form)




                Name                               Link     Load   Length Selector   Space Scale
C:\Users\Brandy\AppData\Local\Temp\s7io.obj
                end_init                           1000     1000        4      800       0
                idloc                            200000   200000        8   200000       0
                config                           300000   300000        E   300000       0
dist/default/debug\Nokia5110_2.X.debug.obj
                mediumconst                        7BE4     7BE4      41C     3DF2       0
                text17                             7622     7622       26     3B11       0
                text16                             75EE     75EE       18     3AF7       0
                text15                             77D8     77D8       50     3BEC       0
                text14                             7606     7606       1C     3B03       0
                text13                             766E     766E       34     3B37       0
                text12                             7648     7648       26     3B24       0
                text11                             787A     787A       7A     3C3D       0
                text10                             76A2     76A2       34     3B51       0
                text9                              7ADC     7ADC      108     3D6E       0
                text8                              75CA     75CA        E     3AE5       0
                text7                              7790     7790       48     3BC8       0
                text6                              76D6     76D6       36     3B6B       0
                text5                              7A22     7A22       BA     3D11       0
                text4                              7828     7828       52     3C14       0
                text3                              770C     770C       42     3B86       0
                text2                              797E     797E       A4     3CBF       0
                text1                              774E     774E       42     3BA7       0
                text0                              78F4     78F4       8A     3C7A       0
                cstackCOMRAM                          1        1       18        1       1
                bssCOMRAM                            19       19        6        1       1
                cinit                              75D8     75D8       16     3AEC       0

TOTAL           Name                               Link     Load   Length     Space
        CLASS   STACK          

        CLASS   CODE           
                end_init                           1000     1000        4         0
                text17                             7622     7622       26         0
                text16                             75EE     75EE       18         0
                text15                             77D8     77D8       50         0
                text14                             7606     7606       1C         0
                text13                             766E     766E       34         0
                text12                             7648     7648       26         0
                text11                             787A     787A       7A         0
                text10                             76A2     76A2       34         0
                text9                              7ADC     7ADC      108         0
                text8                              75CA     75CA        E         0
                text7                              7790     7790       48         0
                text6                              76D6     76D6       36         0
                text5                              7A22     7A22       BA         0
                text4                              7828     7828       52         0
                text3                              770C     770C       42         0
                text2                              797E     797E       A4         0
                text1                              774E     774E       42         0
                text0                              78F4     78F4       8A         0
                cinit                              75D8     75D8       16         0

        CLASS   CONST          

        CLASS   SMALLCONST     

        CLASS   MEDIUMCONST    
                mediumconst                        7BE4     7BE4      41C         0

        CLASS   COMRAM         
                cstackCOMRAM                          1        1       18         1
                bssCOMRAM                            19       19        6         1

        CLASS   ABS1           

        CLASS   BIGRAM         

        CLASS   RAM            

        CLASS   BANK0          

        CLASS   BANK1          

        CLASS   BANK2          

        CLASS   BANK3          

        CLASS   BANK4          

        CLASS   BANK5          

        CLASS   BANK6          

        CLASS   BANK7          

        CLASS   SFR            

        CLASS   FARRAM         

        CLASS   CONFIG         
                config                           300000   300000        E         0

        CLASS   IDLOC          
                idloc                            200000   200000        8         0

        CLASS   EEDATA         



SEGMENTS        Name                           Load    Length   Top    Selector   Space  Class

                cstackCOMRAM                   000001  00001E  00001F         1       1  COMRAM  
                reset_vec                      001000  000004  001004       800       0  CODE    
                text8                          0075CA  00000E  0075D8      3AE5       0  CODE    
                cinit                          0075D8  000016  0075EE      3AEC       0  CODE    
                text16                         0075EE  000018  007606      3AF7       0  CODE    
                text14                         007606  00001C  007622      3B03       0  CODE    
                text17                         007622  000026  007648      3B11       0  CODE    
                text12                         007648  000026  00766E      3B24       0  CODE    
                text13                         00766E  000034  0076A2      3B37       0  CODE    
                text10                         0076A2  000034  0076D6      3B51       0  CODE    
                text6                          0076D6  000036  00770C      3B6B       0  CODE    
                text3                          00770C  000042  00774E      3B86       0  CODE    
                text1                          00774E  000042  007790      3BA7       0  CODE    
                text7                          007790  000048  0077D8      3BC8       0  CODE    
                text15                         0077D8  000050  007828      3BEC       0  CODE    
                text4                          007828  000052  00787A      3C14       0  CODE    
                text11                         00787A  00007A  0078F4      3C3D       0  CODE    
                text0                          0078F4  00008A  00797E      3C7A       0  CODE    
                text2                          00797E  0000A4  007A22      3CBF       0  CODE    
                text5                          007A22  0000BA  007ADC      3D11       0  CODE    
                text9                          007ADC  000108  007BE4      3D6E       0  CODE    
                mediumconst                    007BE4  00041C  008000      3DF2       0  MEDIUMCO
                idloc                          200000  000008  200008    200000       0  IDLOC   
                config                         300000  00000E  30000E    300000       0  CONFIG  


UNUSED ADDRESS RANGES

        Name                Unused          Largest block    Delta
        BANK0            000060-0000FF               A0
        BANK1            000100-0001FF              100
        BANK2            000200-0002FF              100
        BANK3            000300-0003FF              100
        BANK4            000400-0004FF              100
        BANK5            000500-0005FF              100
        BANK6            000600-0006FF              100
        BANK7            000700-0007FF              100
        BIGRAM           00001F-0007FF              7E1
        CODE             001004-0075C9             65C6
        COMRAM           00001F-00005F               41
        CONST            001004-0075C9             65C6
        EEDATA           F00000-F000FF              100
        FARRAM           000000-000000                1
        MEDIUMCONST      001004-0075C9             65C6
        RAM              000060-0007FF              100
        SFR              000F60-000FFF               A0
        SMALLCONST       001004-0075C9              100
        STACK            000060-0007FF              7A0

                                  Symbol Table

?___lwdiv                      cstackCOMRAM 000001
?___lwmod                      cstackCOMRAM 000001
?___wmul                       cstackCOMRAM 000001
EYRLCD_Bitmap@MY_ARRAY         cstackCOMRAM 00000B
EYRLCD_Bitmap@X                cstackCOMRAM 00000D
EYRLCD_Bitmap@Y                cstackCOMRAM 00000E
EYRLCD_Bitmap@index            cstackCOMRAM 000011
EYRLCD_Clear@index             cstackCOMRAM 00000B
EYRLCD_GotoXY@X                cstackCOMRAM 00000A
EYRLCD_GotoXY@Y                cstackCOMRAM 000009
EYRLCD_Write@DATA              cstackCOMRAM 000007
EYRLCD_Write@MODE              cstackCOMRAM 000008
EYRLCD_WriteByte@DATA_CHAR     cstackCOMRAM 00000B
EYRLCD_WriteByte@index         cstackCOMRAM 00000C
EYRLCD_WriteSPI@BitCount       cstackCOMRAM 000002
EYRLCD_WriteSPI@outputDATA     cstackCOMRAM 000001
EYRLCD_WriteString@DATA_STRING cstackCOMRAM 00000E
EYRLCD_WriteString@X           cstackCOMRAM 000010
EYRLCD_WriteString@Y           cstackCOMRAM 000011
_ACC                           bssCOMRAM    000019
_ADCON0                        (abs)        000FC2
_ADCON1                        (abs)        000FC1
_DISPLAY_COUNT                 bssCOMRAM    00001B
_EYRLCD_Bitmap                 text7        007790
_EYRLCD_Clear                  text13       00766E
_EYRLCD_GotoXY                 text14       007606
_EYRLCD_Init                   text15       0077D8
_EYRLCD_Write                  text16       0075EE
_EYRLCD_WriteByte              text11       00787A
_EYRLCD_WriteSPI               text17       007622
_EYRLCD_WriteString            text10       0076A2
_EYR_ImageLogo                 mediumconst  007DC5
_FONT_1                        mediumconst  007BE5
_MCU_DisplayUpdate             text9        007ADC
_MCU_Init                      text8        0075CA
_MCU_MensajeInicio             text5        007A22
_PORTBbits                     (abs)        000F81
_TRISB                         (abs)        000F93
_TRISB0                        (abs)        007C98
_TRISB1                        (abs)        007C99
_TRISB2                        (abs)        007C9A
_TRISB3                        (abs)        007C9B
_TRISB4                        (abs)        007C9C
__CFG_BOR$ON                   (abs)        000000
__CFG_BORV$3                   (abs)        000000
__CFG_CP0$OFF                  (abs)        000000
__CFG_CP1$OFF                  (abs)        000000
__CFG_CPB$OFF                  (abs)        000000
__CFG_CPUDIV$OSC1_PLL2         (abs)        000000
__CFG_EBTR0$OFF                (abs)        000000
__CFG_EBTR1$OFF                (abs)        000000
__CFG_EBTRB$OFF                (abs)        000000
__CFG_FCMEN$OFF                (abs)        000000
__CFG_FOSC$HSPLL_HS            (abs)        000000
__CFG_IESO$OFF                 (abs)        000000
__CFG_LPT1OSC$OFF              (abs)        000000
__CFG_LVP$OFF                  (abs)        000000
__CFG_MCLRE$ON                 (abs)        000000
__CFG_PBADEN$OFF               (abs)        000000
__CFG_PLLDIV$5                 (abs)        000000
__CFG_PWRT$OFF                 (abs)        000000
__CFG_STVREN$ON                (abs)        000000
__CFG_USBDIV$2                 (abs)        000000
__CFG_VREGEN$ON                (abs)        000000
__CFG_WDT$OFF                  (abs)        000000
__CFG_WDTPS$32768              (abs)        000000
__CFG_WRT0$OFF                 (abs)        000000
__CFG_WRT1$OFF                 (abs)        000000
__CFG_WRTB$OFF                 (abs)        000000
__CFG_WRTC$OFF                 (abs)        000000
__CFG_XINST$OFF                (abs)        000000
__HRAM                         (abs)        000000
__Habs1                        abs1         000000
__Hbank0                       bank0        000000
__Hbank1                       bank1        000000
__Hbank2                       bank2        000000
__Hbank3                       bank3        000000
__Hbank4                       bank4        000000
__Hbank5                       bank5        000000
__Hbank6                       bank6        000000
__Hbank7                       bank7        000000
__Hbigbss                      bigbss       000000
__Hbigdata                     bigdata      000000
__Hbigram                      bigram       000000
__Hbss                         bss          000000
__HbssCOMRAM                   bssCOMRAM    000000
__Hcinit                       cinit        000000
__Hclrtext                     clrtext      000000
__Hcomram                      comram       000000
__Hconfig                      config       30000E
__Hconst                       const        000000
__HcstackCOMRAM                cstackCOMRAM 000000
__Hdata                        data         000000
__Heeprom_data                 eeprom_data  000000
__Hend_init                    end_init     001004
__Hfarbss                      farbss       000000
__Hfardata                     fardata      000000
__Hibigdata                    ibigdata     000000
__Hidata                       idata        000000
__Hidloc                       idloc        200008
__Hifardata                    ifardata     000000
__Hinit                        init         001000
__Hintcode                     intcode      001000
__Hintcode_body                intcode_body 000000
__Hintcodelo                   intcodelo    001000
__Hintentry                    intentry     000000
__Hintret                      intret       000000
__Hintsave_regs                intsave_regs 000000
__Hirdata                      irdata       000000
__Hmediumconst                 mediumconst  008000
__HnvFARRAM                    nvFARRAM     000000
__Hnvbit                       nvbit        000000
__Hnvrram                      nvrram       000000
__Hparam                       rparam       000000
__Hpowerup                     powerup      001000
__Hram                         ram          000000
__Hramtop                      ramtop       000800
__Hrbit                        rbit         000000
__Hrbss                        rbss         000000
__Hrdata                       rdata        000000
__Hreset_vec                   reset_vec    001000
__Hrparam                      rparam       000000
__Hsfr                         sfr          000000
__Hsmallconst                  smallconst   000000
__Hspace_0                     (abs)        30000E
__Hspace_1                     (abs)        00001F
__Hspace_2                     (abs)        000000
__Hstack                       stack        000000
__Hstruct                      struct       000000
__Htemp                        temp         000000
__Htext                        text         000000
__Htext0                       text0        000000
__Htext1                       text1        000000
__Htext10                      text10       000000
__Htext11                      text11       000000
__Htext12                      text12       000000
__Htext13                      text13       000000
__Htext14                      text14       000000
__Htext15                      text15       000000
__Htext16                      text16       000000
__Htext17                      text17       000000
__Htext2                       text2        000000
__Htext3                       text3        000000
__Htext4                       text4        000000
__Htext5                       text5        000000
__Htext6                       text6        000000
__Htext7                       text7        000000
__Htext8                       text8        000000
__Htext9                       text9        000000
__LRAM                         (abs)        000001
__Labs1                        abs1         000000
__Lbank0                       bank0        000000
__Lbank1                       bank1        000000
__Lbank2                       bank2        000000
__Lbank3                       bank3        000000
__Lbank4                       bank4        000000
__Lbank5                       bank5        000000
__Lbank6                       bank6        000000
__Lbank7                       bank7        000000
__Lbigbss                      bigbss       000000
__Lbigdata                     bigdata      000000
__Lbigram                      bigram       000000
__Lbss                         bss          000000
__LbssCOMRAM                   bssCOMRAM    000000
__Lcinit                       cinit        000000
__Lclrtext                     clrtext      000000
__Lcomram                      comram       000000
__Lconfig                      config       300000
__Lconst                       const        000000
__LcstackCOMRAM                cstackCOMRAM 000000
__Ldata                        data         000000
__Leeprom_data                 eeprom_data  000000
__Lend_init                    end_init     001000
__Lfarbss                      farbss       000000
__Lfardata                     fardata      000000
__Libigdata                    ibigdata     000000
__Lidata                       idata        000000
__Lidloc                       idloc        200000
__Lifardata                    ifardata     000000
__Linit                        init         001000
__Lintcode                     intcode      001000
__Lintcode_body                intcode_body 000000
__Lintcodelo                   intcodelo    001000
__Lintentry                    intentry     000000
__Lintret                      intret       000000
__Lintsave_regs                intsave_regs 000000
__Lirdata                      irdata       000000
__Lmediumconst                 mediumconst  007BE4
__LnvFARRAM                    nvFARRAM     000000
__Lnvbit                       nvbit        000000
__Lnvrram                      nvrram       000000
__Lparam                       rparam       000000
__Lpowerup                     powerup      001000
__Lram                         ram          000000
__Lramtop                      ramtop       000800
__Lrbit                        rbit         000000
__Lrbss                        rbss         000000
__Lrdata                       rdata        000000
__Lreset_vec                   reset_vec    001000
__Lrparam                      rparam       000000
__Lsfr                         sfr          000000
__Lsmallconst                  smallconst   000000
__Lspace_0                     (abs)        000000
__Lspace_1                     (abs)        000000
__Lspace_2                     (abs)        000000
__Lstack                       stack        000000
__Lstruct                      struct       000000
__Ltemp                        temp         000000
__Ltext                        text         000000
__Ltext0                       text0        000000
__Ltext1                       text1        000000
__Ltext10                      text10       000000
__Ltext11                      text11       000000
__Ltext12                      text12       000000
__Ltext13                      text13       000000
__Ltext14                      text14       000000
__Ltext15                      text15       000000
__Ltext16                      text16       000000
__Ltext17                      text17       000000
__Ltext2                       text2        000000
__Ltext3                       text3        000000
__Ltext4                       text4        000000
__Ltext5                       text5        000000
__Ltext6                       text6        000000
__Ltext7                       text7        000000
__Ltext8                       text8        000000
__Ltext9                       text9        000000
__S0                           (abs)        30000E
__S1                           (abs)        00001F
__S2                           (abs)        000000
___inthi_sp                    stack        000000
___intlo_sp                    stack        000000
___lwdiv                       text4        007828
___lwdiv@counter               cstackCOMRAM 000007
___lwdiv@dividend              cstackCOMRAM 000001
___lwdiv@divisor               cstackCOMRAM 000003
___lwdiv@quotient              cstackCOMRAM 000005
___lwmod                       text3        00770C
___lwmod@counter               cstackCOMRAM 000005
___lwmod@dividend              cstackCOMRAM 000001
___lwmod@divisor               cstackCOMRAM 000003
___param_bank                  (abs)        000010
___rparam_used                 (abs)        000001
___sp                          stack        000000
___wmul                        text12       007648
___wmul@multiplicand           cstackCOMRAM 000003
___wmul@multiplier             cstackCOMRAM 000001
___wmul@product                cstackCOMRAM 000005
__accesstop                    (abs)        000060
__activetblptr                 (abs)        000002
__end_of_EYRLCD_Bitmap         text7        0077D8
__end_of_EYRLCD_Clear          text13       0076A2
__end_of_EYRLCD_GotoXY         text14       007622
__end_of_EYRLCD_Init           text15       007828
__end_of_EYRLCD_Write          text16       007606
__end_of_EYRLCD_WriteByte      text11       0078F4
__end_of_EYRLCD_WriteSPI       text17       007648
__end_of_EYRLCD_WriteString    text10       0076D6
__end_of_EYR_ImageLogo         mediumconst  007FBD
__end_of_FONT_1                mediumconst  007DC5
__end_of_MCU_DisplayUpdate     text9        007BE4
__end_of_MCU_Init              text8        0075D8
__end_of_MCU_MensajeInicio     text5        007ADC
__end_of___lwdiv               text4        00787A
__end_of___lwmod               text3        00774E
__end_of___wmul                text12       00766E
__end_of__initialization       cinit        0075E4
__end_of_delay_ms              text6        00770C
__end_of_itoa                  text1        007790
__end_of_main                  text0        00797E
__end_of_utoa                  text2        007A22
__initialization               cinit        0075D8
__mediumconst                  mediumconst  007BE4
__pbssCOMRAM                   bssCOMRAM    000019
__pcinit                       cinit        0075D8
__pcstackCOMRAM                cstackCOMRAM 000001
__pmediumconst                 mediumconst  007BE4
__ptext0                       text0        0078F4
__ptext1                       text1        00774E
__ptext10                      text10       0076A2
__ptext11                      text11       00787A
__ptext12                      text12       007648
__ptext13                      text13       00766E
__ptext14                      text14       007606
__ptext15                      text15       0077D8
__ptext16                      text16       0075EE
__ptext17                      text17       007622
__ptext2                       text2        00797E
__ptext3                       text3        00770C
__ptext4                       text4        007828
__ptext5                       text5        007A22
__ptext6                       text6        0076D6
__ptext7                       text7        007790
__ptext8                       text8        0075CA
__ptext9                       text9        007ADC
__ramtop                       ramtop       000800
__size_of_EYRLCD_Bitmap        (abs)        000000
__size_of_EYRLCD_Clear         (abs)        000000
__size_of_EYRLCD_GotoXY        (abs)        000000
__size_of_EYRLCD_Init          (abs)        000000
__size_of_EYRLCD_Write         (abs)        000000
__size_of_EYRLCD_WriteByte     (abs)        000000
__size_of_EYRLCD_WriteSPI      (abs)        000000
__size_of_EYRLCD_WriteString   (abs)        000000
__size_of_MCU_DisplayUpdate    (abs)        000000
__size_of_MCU_Init             (abs)        000000
__size_of_MCU_MensajeInicio    (abs)        000000
__size_of___lwdiv              (abs)        000000
__size_of___lwmod              (abs)        000000
__size_of___wmul               (abs)        000000
__size_of_delay_ms             (abs)        000000
__size_of_itoa                 (abs)        000000
__size_of_main                 (abs)        000000
__size_of_utoa                 (abs)        000000
__smallconst                   smallconst   000000
_delay_ms                      text6        0076D6
_itoa                          text1        00774E
_main                          text0        0078F4
_utoa                          text2        00797E
delay_ms@n                     cstackCOMRAM 000001
end_of_initialization          cinit        0075E4
intlevel0                      text         000000
intlevel1                      text         000000
intlevel2                      text         000000
intlevel3                      text         000000
itoa@base                      cstackCOMRAM 000015
itoa@buf                       cstackCOMRAM 000011
itoa@cp                        cstackCOMRAM 000017
itoa@val                       cstackCOMRAM 000013
stackhi                        (abs)        0007FF
stacklo                        (abs)        000060
start                          init         001000
start_initialization           cinit        0075D8
utoa@base                      cstackCOMRAM 00000C
utoa@buf                       cstackCOMRAM 000008
utoa@c                         cstackCOMRAM 000010
utoa@v                         cstackCOMRAM 00000E
utoa@val                       cstackCOMRAM 00000A


FUNCTION INFORMATION:

 *************** function _main *****************
 Defined at:
		line 70 in file "main.c"
 Parameters:    Size  Location     Type
		None
 Auto vars:     Size  Location     Type
		None
 Return value:  Size  Location     Type
                  1    wreg      void 
 Registers used:
		wreg, fsr2l, fsr2h, status,2, status,0, tblptrl, tblptrh, tblptru, prodl, prodh, cstack
 Tracked objects:
		On entry : 
		On exit  : 
		Unchanged: 
 Data sizes:     COMRAM   BANK0   BANK1   BANK2   BANK3   BANK4   BANK5   BANK6   BANK7
      Params:         0       0       0       0       0       0       0       0       0
      Locals:         0       0       0       0       0       0       0       0       0
      Temps:          0       0       0       0       0       0       0       0       0
      Totals:         0       0       0       0       0       0       0       0       0
Total ram usage:        0 bytes
 Hardware stack levels required when called:    5
 This function calls:
		_EYRLCD_Clear
		_EYRLCD_Init
		_MCU_DisplayUpdate
		_MCU_Init
		_MCU_MensajeInicio
		_delay_ms
		_itoa
 This function is called by:
		Startup code after reset
 This function uses a non-reentrant model


 *************** function _itoa *****************
 Defined at:
		line 4 in file "C:\Program Files\Microchip\xc8\v1.37\sources\common\itoa.c"
 Parameters:    Size  Location     Type
  buf             2   16[COMRAM] PTR unsigned char 
		 -> DISPLAY_COUNT(4), 
  val             2   18[COMRAM] int 
  base            2   20[COMRAM] int 
 Auto vars:     Size  Location     Type
  cp              2   22[COMRAM] PTR unsigned char 
		 -> DISPLAY_COUNT(4), 
 Return value:  Size  Location     Type
                  2   16[COMRAM] PTR unsigned char 
 Registers used:
		wreg, fsr2l, fsr2h, status,2, status,0, cstack
 Tracked objects:
		On entry : 
		On exit  : 
		Unchanged: 
 Data sizes:     COMRAM   BANK0   BANK1   BANK2   BANK3   BANK4   BANK5   BANK6   BANK7
      Params:         6       0       0       0       0       0       0       0       0
      Locals:         2       0       0       0       0       0       0       0       0
      Temps:          0       0       0       0       0       0       0       0       0
      Totals:         8       0       0       0       0       0       0       0       0
Total ram usage:        8 bytes
 Hardware stack levels used:    1
 Hardware stack levels required when called:    2
 This function calls:
		_utoa
 This function is called by:
		_main
 This function uses a non-reentrant model


 *************** function _utoa *****************
 Defined at:
		line 17 in file "C:\Program Files\Microchip\xc8\v1.37\sources\common\itoa.c"
 Parameters:    Size  Location     Type
  buf             2    7[COMRAM] PTR unsigned char 
		 -> DISPLAY_COUNT(4), 
  val             2    9[COMRAM] unsigned int 
  base            2   11[COMRAM] int 
 Auto vars:     Size  Location     Type
  v               2   13[COMRAM] unsigned int 
  c               1   15[COMRAM] unsigned char 
 Return value:  Size  Location     Type
                  2    7[COMRAM] PTR unsigned char 
 Registers used:
		wreg, fsr2l, fsr2h, status,2, status,0, cstack
 Tracked objects:
		On entry : 
		On exit  : 
		Unchanged: 
 Data sizes:     COMRAM   BANK0   BANK1   BANK2   BANK3   BANK4   BANK5   BANK6   BANK7
      Params:         6       0       0       0       0       0       0       0       0
      Locals:         3       0       0       0       0       0       0       0       0
      Temps:          0       0       0       0       0       0       0       0       0
      Totals:         9       0       0       0       0       0       0       0       0
Total ram usage:        9 bytes
 Hardware stack levels used:    1
 Hardware stack levels required when called:    1
 This function calls:
		___lwdiv
		___lwmod
 This function is called by:
		_itoa
 This function uses a non-reentrant model


 *************** function ___lwmod *****************
 Defined at:
		line 8 in file "C:\Program Files\Microchip\xc8\v1.37\sources\common\lwmod.c"
 Parameters:    Size  Location     Type
  dividend        2    0[COMRAM] unsigned int 
  divisor         2    2[COMRAM] unsigned int 
 Auto vars:     Size  Location     Type
  counter         1    4[COMRAM] unsigned char 
 Return value:  Size  Location     Type
                  2    0[COMRAM] unsigned int 
 Registers used:
		wreg, status,2, status,0
 Tracked objects:
		On entry : 
		On exit  : 
		Unchanged: 
 Data sizes:     COMRAM   BANK0   BANK1   BANK2   BANK3   BANK4   BANK5   BANK6   BANK7
      Params:         4       0       0       0       0       0       0       0       0
      Locals:         1       0       0       0       0       0       0       0       0
      Temps:          0       0       0       0       0       0       0       0       0
      Totals:         5       0       0       0       0       0       0       0       0
Total ram usage:        5 bytes
 Hardware stack levels used:    1
 This function calls:
		Nothing
 This function is called by:
		_utoa
 This function uses a non-reentrant model


 *************** function ___lwdiv *****************
 Defined at:
		line 8 in file "C:\Program Files\Microchip\xc8\v1.37\sources\common\lwdiv.c"
 Parameters:    Size  Location     Type
  dividend        2    0[COMRAM] unsigned int 
  divisor         2    2[COMRAM] unsigned int 
 Auto vars:     Size  Location     Type
  quotient        2    4[COMRAM] unsigned int 
  counter         1    6[COMRAM] unsigned char 
 Return value:  Size  Location     Type
                  2    0[COMRAM] unsigned int 
 Registers used:
		wreg, status,2, status,0
 Tracked objects:
		On entry : 
		On exit  : 
		Unchanged: 
 Data sizes:     COMRAM   BANK0   BANK1   BANK2   BANK3   BANK4   BANK5   BANK6   BANK7
      Params:         4       0       0       0       0       0       0       0       0
      Locals:         3       0       0       0       0       0       0       0       0
      Temps:          0       0       0       0       0       0       0       0       0
      Totals:         7       0       0       0       0       0       0       0       0
Total ram usage:        7 bytes
 Hardware stack levels used:    1
 This function calls:
		Nothing
 This function is called by:
		_utoa
 This function uses a non-reentrant model


 *************** function _MCU_MensajeInicio *****************
 Defined at:
		line 100 in file "main.c"
 Parameters:    Size  Location     Type
		None
 Auto vars:     Size  Location     Type
		None
 Return value:  Size  Location     Type
                  1    wreg      void 
 Registers used:
		wreg, status,2, status,0, tblptrl, tblptrh, tblptru, prodl, prodh, cstack
 Tracked objects:
		On entry : 
		On exit  : 
		Unchanged: 
 Data sizes:     COMRAM   BANK0   BANK1   BANK2   BANK3   BANK4   BANK5   BANK6   BANK7
      Params:         0       0       0       0       0       0       0       0       0
      Locals:         0       0       0       0       0       0       0       0       0
      Temps:          0       0       0       0       0       0       0       0       0
      Totals:         0       0       0       0       0       0       0       0       0
Total ram usage:        0 bytes
 Hardware stack levels used:    1
 Hardware stack levels required when called:    4
 This function calls:
		_EYRLCD_Bitmap
		_EYRLCD_Clear
		_EYRLCD_WriteString
		_delay_ms
 This function is called by:
		_main
 This function uses a non-reentrant model


 *************** function _delay_ms *****************
 Defined at:
		line 146 in file "Alteri.h"
 Parameters:    Size  Location     Type
  n               4    0[COMRAM] long 
 Auto vars:     Size  Location     Type
		None
 Return value:  Size  Location     Type
                  1    wreg      void 
 Registers used:
		wreg, status,2, status,0
 Tracked objects:
		On entry : 
		On exit  : 
		Unchanged: 
 Data sizes:     COMRAM   BANK0   BANK1   BANK2   BANK3   BANK4   BANK5   BANK6   BANK7
      Params:         4       0       0       0       0       0       0       0       0
      Locals:         0       0       0       0       0       0       0       0       0
      Temps:          1       0       0       0       0       0       0       0       0
      Totals:         5       0       0       0       0       0       0       0       0
Total ram usage:        5 bytes
 Hardware stack levels used:    1
 This function calls:
		Nothing
 This function is called by:
		_main
		_MCU_MensajeInicio
 This function uses a non-reentrant model


 *************** function _EYRLCD_Bitmap *****************
 Defined at:
		line 121 in file "PCD8544.c"
 Parameters:    Size  Location     Type
  MY_ARRAY        2   10[COMRAM] PTR unsigned char 
		 -> EYR_ImageLogo(504), 
  X               1   12[COMRAM] unsigned char 
  Y               1   13[COMRAM] unsigned char 
 Auto vars:     Size  Location     Type
  index           2   16[COMRAM] int 
 Return value:  Size  Location     Type
                  1    wreg      void 
 Registers used:
		wreg, status,2, status,0, tblptrl, tblptrh, tblptru, cstack
 Tracked objects:
		On entry : 
		On exit  : 
		Unchanged: 
 Data sizes:     COMRAM   BANK0   BANK1   BANK2   BANK3   BANK4   BANK5   BANK6   BANK7
      Params:         4       0       0       0       0       0       0       0       0
      Locals:         2       0       0       0       0       0       0       0       0
      Temps:          2       0       0       0       0       0       0       0       0
      Totals:         8       0       0       0       0       0       0       0       0
Total ram usage:        8 bytes
 Hardware stack levels used:    1
 Hardware stack levels required when called:    3
 This function calls:
		_EYRLCD_GotoXY
		_EYRLCD_Write
 This function is called by:
		_MCU_MensajeInicio
 This function uses a non-reentrant model


 *************** function _MCU_Init *****************
 Defined at:
		line 92 in file "main.c"
 Parameters:    Size  Location     Type
		None
 Auto vars:     Size  Location     Type
		None
 Return value:  Size  Location     Type
                  1    wreg      void 
 Registers used:
		wreg, status,2
 Tracked objects:
		On entry : 
		On exit  : 
		Unchanged: 
 Data sizes:     COMRAM   BANK0   BANK1   BANK2   BANK3   BANK4   BANK5   BANK6   BANK7
      Params:         0       0       0       0       0       0       0       0       0
      Locals:         0       0       0       0       0       0       0       0       0
      Temps:          0       0       0       0       0       0       0       0       0
      Totals:         0       0       0       0       0       0       0       0       0
Total ram usage:        0 bytes
 Hardware stack levels used:    1
 This function calls:
		Nothing
 This function is called by:
		_main
 This function uses a non-reentrant model


 *************** function _MCU_DisplayUpdate *****************
 Defined at:
		line 118 in file "main.c"
 Parameters:    Size  Location     Type
		None
 Auto vars:     Size  Location     Type
		None
 Return value:  Size  Location     Type
                  1    wreg      void 
 Registers used:
		wreg, status,2, status,0, tblptrl, tblptrh, tblptru, prodl, prodh, cstack
 Tracked objects:
		On entry : 
		On exit  : 
		Unchanged: 
 Data sizes:     COMRAM   BANK0   BANK1   BANK2   BANK3   BANK4   BANK5   BANK6   BANK7
      Params:         0       0       0       0       0       0       0       0       0
      Locals:         0       0       0       0       0       0       0       0       0
      Temps:          0       0       0       0       0       0       0       0       0
      Totals:         0       0       0       0       0       0       0       0       0
Total ram usage:        0 bytes
 Hardware stack levels used:    1
 Hardware stack levels required when called:    4
 This function calls:
		_EYRLCD_Clear
		_EYRLCD_GotoXY
		_EYRLCD_WriteByte
		_EYRLCD_WriteString
 This function is called by:
		_main
 This function uses a non-reentrant model


 *************** function _EYRLCD_WriteString *****************
 Defined at:
		line 107 in file "PCD8544.c"
 Parameters:    Size  Location     Type
  DATA_STRING     2   13[COMRAM] PTR unsigned char 
		 -> STR_6(8), STR_5(13), STR_4(12), STR_3(9), 
		 -> STR_2(11), STR_1(13), 
  X               1   15[COMRAM] unsigned char 
  Y               1   16[COMRAM] unsigned char 
 Auto vars:     Size  Location     Type
		None
 Return value:  Size  Location     Type
                  1    wreg      void 
 Registers used:
		wreg, status,2, status,0, tblptrl, tblptrh, tblptru, prodl, prodh, cstack
 Tracked objects:
		On entry : 
		On exit  : 
		Unchanged: 
 Data sizes:     COMRAM   BANK0   BANK1   BANK2   BANK3   BANK4   BANK5   BANK6   BANK7
      Params:         4       0       0       0       0       0       0       0       0
      Locals:         0       0       0       0       0       0       0       0       0
      Temps:          0       0       0       0       0       0       0       0       0
      Totals:         4       0       0       0       0       0       0       0       0
Total ram usage:        4 bytes
 Hardware stack levels used:    1
 Hardware stack levels required when called:    3
 This function calls:
		_EYRLCD_GotoXY
		_EYRLCD_WriteByte
 This function is called by:
		_MCU_MensajeInicio
		_MCU_DisplayUpdate
 This function uses a non-reentrant model


 *************** function _EYRLCD_WriteByte *****************
 Defined at:
		line 91 in file "PCD8544.c"
 Parameters:    Size  Location     Type
  DATA_CHAR       1    wreg     unsigned char 
 Auto vars:     Size  Location     Type
  DATA_CHAR       1   10[COMRAM] unsigned char 
  index           2   11[COMRAM] int 
 Return value:  Size  Location     Type
                  1    wreg      void 
 Registers used:
		wreg, status,2, status,0, tblptrl, tblptrh, tblptru, prodl, prodh, cstack
 Tracked objects:
		On entry : 
		On exit  : 
		Unchanged: 
 Data sizes:     COMRAM   BANK0   BANK1   BANK2   BANK3   BANK4   BANK5   BANK6   BANK7
      Params:         0       0       0       0       0       0       0       0       0
      Locals:         3       0       0       0       0       0       0       0       0
      Temps:          2       0       0       0       0       0       0       0       0
      Totals:         5       0       0       0       0       0       0       0       0
Total ram usage:        5 bytes
 Hardware stack levels used:    1
 Hardware stack levels required when called:    2
 This function calls:
		_EYRLCD_Write
		___wmul
 This function is called by:
		_MCU_DisplayUpdate
		_EYRLCD_WriteString
 This function uses a non-reentrant model


 *************** function ___wmul *****************
 Defined at:
		line 15 in file "C:\Program Files\Microchip\xc8\v1.37\sources\common\Umul16.c"
 Parameters:    Size  Location     Type
  multiplier      2    0[COMRAM] unsigned int 
  multiplicand    2    2[COMRAM] unsigned int 
 Auto vars:     Size  Location     Type
  product         2    4[COMRAM] unsigned int 
 Return value:  Size  Location     Type
                  2    0[COMRAM] unsigned int 
 Registers used:
		wreg, status,2, status,0, prodl, prodh
 Tracked objects:
		On entry : 
		On exit  : 
		Unchanged: 
 Data sizes:     COMRAM   BANK0   BANK1   BANK2   BANK3   BANK4   BANK5   BANK6   BANK7
      Params:         4       0       0       0       0       0       0       0       0
      Locals:         2       0       0       0       0       0       0       0       0
      Temps:          0       0       0       0       0       0       0       0       0
      Totals:         6       0       0       0       0       0       0       0       0
Total ram usage:        6 bytes
 Hardware stack levels used:    1
 This function calls:
		Nothing
 This function is called by:
		_EYRLCD_WriteByte
 This function uses a non-reentrant model


 *************** function _EYRLCD_Clear *****************
 Defined at:
		line 61 in file "PCD8544.c"
 Parameters:    Size  Location     Type
		None
 Auto vars:     Size  Location     Type
  index           2   10[COMRAM] int 
 Return value:  Size  Location     Type
                  1    wreg      void 
 Registers used:
		wreg, status,2, status,0, cstack
 Tracked objects:
		On entry : 
		On exit  : 
		Unchanged: 
 Data sizes:     COMRAM   BANK0   BANK1   BANK2   BANK3   BANK4   BANK5   BANK6   BANK7
      Params:         0       0       0       0       0       0       0       0       0
      Locals:         2       0       0       0       0       0       0       0       0
      Temps:          0       0       0       0       0       0       0       0       0
      Totals:         2       0       0       0       0       0       0       0       0
Total ram usage:        2 bytes
 Hardware stack levels used:    1
 Hardware stack levels required when called:    3
 This function calls:
		_EYRLCD_GotoXY
		_EYRLCD_Write
 This function is called by:
		_main
		_MCU_MensajeInicio
		_MCU_DisplayUpdate
 This function uses a non-reentrant model


 *************** function _EYRLCD_GotoXY *****************
 Defined at:
		line 75 in file "PCD8544.c"
 Parameters:    Size  Location     Type
  X               1    wreg     unsigned char 
  Y               1    8[COMRAM] unsigned char 
 Auto vars:     Size  Location     Type
  X               1    9[COMRAM] unsigned char 
 Return value:  Size  Location     Type
                  1    wreg      void 
 Registers used:
		wreg, status,2, status,0, cstack
 Tracked objects:
		On entry : 
		On exit  : 
		Unchanged: 
 Data sizes:     COMRAM   BANK0   BANK1   BANK2   BANK3   BANK4   BANK5   BANK6   BANK7
      Params:         1       0       0       0       0       0       0       0       0
      Locals:         1       0       0       0       0       0       0       0       0
      Temps:          0       0       0       0       0       0       0       0       0
      Totals:         2       0       0       0       0       0       0       0       0
Total ram usage:        2 bytes
 Hardware stack levels used:    1
 Hardware stack levels required when called:    2
 This function calls:
		_EYRLCD_Write
 This function is called by:
		_MCU_DisplayUpdate
		_EYRLCD_Clear
		_EYRLCD_WriteString
		_EYRLCD_Bitmap
 This function uses a non-reentrant model


 *************** function _EYRLCD_Init *****************
 Defined at:
		line 33 in file "PCD8544.c"
 Parameters:    Size  Location     Type
		None
 Auto vars:     Size  Location     Type
		None
 Return value:  Size  Location     Type
                  1    wreg      void 
 Registers used:
		wreg, status,2, status,0, cstack
 Tracked objects:
		On entry : 
		On exit  : 
		Unchanged: 
 Data sizes:     COMRAM   BANK0   BANK1   BANK2   BANK3   BANK4   BANK5   BANK6   BANK7
      Params:         0       0       0       0       0       0       0       0       0
      Locals:         0       0       0       0       0       0       0       0       0
      Temps:          0       0       0       0       0       0       0       0       0
      Totals:         0       0       0       0       0       0       0       0       0
Total ram usage:        0 bytes
 Hardware stack levels used:    1
 Hardware stack levels required when called:    2
 This function calls:
		_EYRLCD_Write
 This function is called by:
		_main
 This function uses a non-reentrant model


 *************** function _EYRLCD_Write *****************
 Defined at:
		line 138 in file "PCD8544.c"
 Parameters:    Size  Location     Type
  MODE            1    wreg     unsigned char 
  DATA            1    6[COMRAM] unsigned char 
 Auto vars:     Size  Location     Type
  MODE            1    7[COMRAM] unsigned char 
 Return value:  Size  Location     Type
                  1    wreg      void 
 Registers used:
		wreg, status,2, status,0, cstack
 Tracked objects:
		On entry : 
		On exit  : 
		Unchanged: 
 Data sizes:     COMRAM   BANK0   BANK1   BANK2   BANK3   BANK4   BANK5   BANK6   BANK7
      Params:         1       0       0       0       0       0       0       0       0
      Locals:         1       0       0       0       0       0       0       0       0
      Temps:          0       0       0       0       0       0       0       0       0
      Totals:         2       0       0       0       0       0       0       0       0
Total ram usage:        2 bytes
 Hardware stack levels used:    1
 Hardware stack levels required when called:    1
 This function calls:
		_EYRLCD_WriteSPI
 This function is called by:
		_EYRLCD_Init
		_EYRLCD_Clear
		_EYRLCD_GotoXY
		_EYRLCD_WriteByte
		_EYRLCD_Bitmap
 This function uses a non-reentrant model


 *************** function _EYRLCD_WriteSPI *****************
 Defined at:
		line 155 in file "PCD8544.c"
 Parameters:    Size  Location     Type
  outputDATA      1    wreg     unsigned char 
 Auto vars:     Size  Location     Type
  outputDATA      1    0[COMRAM] unsigned char 
  BitCount        1    1[COMRAM] unsigned char 
 Return value:  Size  Location     Type
                  1    wreg      void 
 Registers used:
		wreg, status,2, status,0
 Tracked objects:
		On entry : 
		On exit  : 
		Unchanged: 
 Data sizes:     COMRAM   BANK0   BANK1   BANK2   BANK3   BANK4   BANK5   BANK6   BANK7
      Params:         0       0       0       0       0       0       0       0       0
      Locals:         2       0       0       0       0       0       0       0       0
      Temps:          0       0       0       0       0       0       0       0       0
      Totals:         2       0       0       0       0       0       0       0       0
Total ram usage:        2 bytes
 Hardware stack levels used:    1
 This function calls:
		Nothing
 This function is called by:
		_EYRLCD_Write
 This function uses a non-reentrant model



MODULE INFORMATION

Module		Function		Class		Link	Load	Size
C:\Program Files\Microchip\xc8\v1.37\sources\common\lwdiv.c
		___lwdiv       		CODE           	7828	0000	83

C:\Program Files\Microchip\xc8\v1.37\sources\common\lwdiv.c estimated size: 83

PCD8544.c
		_EYRLCD_Init   		CODE           	77D8	0000	81
		_EYRLCD_Write  		CODE           	75EE	0000	25
		_EYRLCD_Clear  		CODE           	766E	0000	53
		_EYRLCD_GotoXY 		CODE           	7606	0000	29
		_EYRLCD_WriteByte		CODE           	787A	0000	123
		_EYRLCD_Bitmap 		CODE           	7790	0000	73
		_EYRLCD_WriteSPI		CODE           	7622	0000	39
		_EYRLCD_WriteString		CODE           	76A2	0000	53

PCD8544.c estimated size: 476

Alteri.h
		_delay_ms      		CODE           	76D6	0000	55

Alteri.h estimated size: 55

C:\Program Files\Microchip\xc8\v1.37\sources\common\itoa.c
		_itoa          		CODE           	774E	0000	67
		_utoa          		CODE           	797E	0000	165

C:\Program Files\Microchip\xc8\v1.37\sources\common\itoa.c estimated size: 232

shared
		_FONT_1        		MEDIUMCONST    	7BE5	0000	481
		_EYR_ImageLogo 		MEDIUMCONST    	7DC5	0000	505
		__initialization		CODE           	75D8	0000	13

shared estimated size: 999

C:\Program Files\Microchip\xc8\v1.37\sources\common\lwmod.c
		___lwmod       		CODE           	770C	0000	67

C:\Program Files\Microchip\xc8\v1.37\sources\common\lwmod.c estimated size: 67

C:\Program Files\Microchip\xc8\v1.37\sources\common\Umul16.c
		___wmul        		CODE           	7648	0000	39

C:\Program Files\Microchip\xc8\v1.37\sources\common\Umul16.c estimated size: 39

main.c
		_MCU_MensajeInicio		CODE           	7A22	0000	187
		_main          		CODE           	78F4	0000	139
		_MCU_DisplayUpdate		CODE           	7ADC	0000	265
		_MCU_Init      		CODE           	75CA	0000	15

main.c estimated size: 606

